// Jest Snapshot v1, https://goo.gl/fbAQLP

exports[`Pruebas al componente <TodoList/> Debe mostrarse correctamente 1`] = `
<ul
  className="list-group"
>
  <TodoListItem
    handleDelete={[MockFunction]}
    handleToggle={[MockFunction]}
    index={0}
    item={
      Object {
        "description": " Learning React",
        "done": false,
        "id": 1,
      }
    }
    key="1"
  />
  <TodoListItem
    handleDelete={[MockFunction]}
    handleToggle={[MockFunction]}
    index={1}
    item={
      Object {
        "description": " Learning Nest",
        "done": false,
        "id": 2,
      }
    }
    key="2"
  />
</ul>
`;
